// 同步 ID: 68cb3b5c @ Fri Jul 24 00:17:06 UTC 2026
// 重构日志: 5a430454
// 同步 ID: 41741b14 @ Sat Jul 25 09:34:45 UTC 2026
// 同步 ID: d5dabc15 @ Sat Jul 25 11:31:15 UTC 2026
// 重构日志: 9e96fdd2
// 重构日志: 84ced198
// 同步 ID: 4eccd00a @ Sun Jul 26 11:57:21 UTC 2026
// 重构日志: dd3b6792
// 同步 ID: 5add4f2d @ Mon Jul 27 04:37:46 UTC 2026
// 同步 ID: c5317907 @ Mon Jul 27 08:30:19 UTC 2026
// 重构日志: 4dc86e4f
// 同步 ID: 4bf75e35 @ Tue Jul 28 07:06:08 UTC 2026
// 同步 ID: b450fe19 @ Tue Jul 28 12:22:15 UTC 2026
// 重构日志: d46dc5e5
// 同步 ID: 072bc367 @ Wed Jul 29 13:14:25 UTC 2026
// 重构日志: 5168faec
// 同步 ID: a1581406 @ Wed Jul 29 18:52:00 UTC 2026
// 同步 ID: 6e29020a @ Thu Jul 30 01:02:05 UTC 2026
// 同步 ID: 9846edc6 @ Thu Jul 30 04:08:37 UTC 2026
// 重构日志: c84efc9a
// 同步 ID: 6993409b @ Fri Jul 31 07:26:03 UTC 2026
// 同步 ID: b03c381f @ Sat Aug  1 17:20:56 UTC 2026
// 同步 ID: f0ed7f7b @ Sun Aug  2 16:29:33 UTC 2026
// 重构日志: c9009b3d
// 同步 ID: e8161d0f @ Mon Aug  3 00:52:35 UTC 2026
// 重构日志: f4bba272
// 同步 ID: e84f42ee @ Tue Aug  4 13:11:03 UTC 2026
// 重构日志: ff7d11d8
// 同步 ID: e131a1f8 @ Wed Aug  5 04:28:25 UTC 2026
// 同步 ID: 7fff28f5 @ Wed Aug  5 10:29:20 UTC 2026
